AR siggendatapath behavioral "C:/Users/Microsoft/Documents/ise projekter-filer/oscilloscope/SigGenDatapath.vhd" sub00/vhpl11 1623658030
EN siggendatapath NULL "C:/Users/Microsoft/Documents/ise projekter-filer/oscilloscope/SigGenDatapath.vhd" sub00/vhpl08 1623658029
EN sevenseg5 NULL "C:/Users/Microsoft/Documents/ise projekter-filer/oscilloscope/SevenSeg5.vhd" sub00/vhpl00 1623658031
AR sevenseg5 sevenseg_arch "C:/Users/Microsoft/Documents/ise projekter-filer/oscilloscope/SevenSeg5.vhd" sub00/vhpl01 1623658032
EN siggencontrol NULL "C:/Users/Microsoft/Documents/ise projekter-filer/oscilloscope/SigGenControl.vhd" sub00/vhpl04 1623658027
EN siggentop NULL "C:/Users/Microsoft/Documents/ise projekter-filer/oscilloscope/SigGenTop.vhd" sub00/vhpl12 1623658033
AR siggentop behavioral "C:/Users/Microsoft/Documents/ise projekter-filer/oscilloscope/SigGenTop.vhd" sub00/vhpl13 1623658034
AR btndb behavioral "C:/Users/Microsoft/Documents/ise projekter-filer/oscilloscope/BTNdb.vhd" sub00/vhpl03 1623223599
AR sinuslut sinuslut_a "C:/Users/Microsoft/Documents/ise projekter-filer/oscilloscope/ipcore_dir/SinusLUT.vhd" sub00/vhpl10 1623658024
AR siggencontrol behavioral "C:/Users/Microsoft/Documents/ise projekter-filer/oscilloscope/SigGenControl.vhd" sub00/vhpl05 1623658028
EN divclk NULL "C:/Users/Microsoft/Documents/ise projekter-filer/oscilloscope/DivClk.vhd" sub00/vhpl06 1623658025
EN btndb NULL "C:/Users/Microsoft/Documents/ise projekter-filer/oscilloscope/BTNdb.vhd" sub00/vhpl02 1623223598
EN sinuslut NULL "C:/Users/Microsoft/Documents/ise projekter-filer/oscilloscope/ipcore_dir/SinusLUT.vhd" sub00/vhpl09 1623658023
AR divclk divclk_arch "C:/Users/Microsoft/Documents/ise projekter-filer/oscilloscope/DivClk.vhd" sub00/vhpl07 1623658026
