AR siggendatapath behavioral "C:/Users/Microsoft/Documents/ise projekter-filer/oscilloscope/SigGenDatapath.vhd" sub00/vhpl11 1623922392
EN siggendatapath NULL "C:/Users/Microsoft/Documents/ise projekter-filer/oscilloscope/SigGenDatapath.vhd" sub00/vhpl08 1623922391
EN sevenseg5 NULL "C:/Users/Microsoft/Documents/ise projekter-filer/oscilloscope/SevenSeg5.vhd" sub00/vhpl00 1623922393
AR testlut2 testlut2_a "C:/Users/Microsoft/Documents/ise projekter-filer/oscilloscope/ipcore_dir/TestLUT2.vhd" sub00/vhpl19 1623922119
AR sevenseg5 sevenseg_arch "C:/Users/Microsoft/Documents/ise projekter-filer/oscilloscope/SevenSeg5.vhd" sub00/vhpl01 1623922394
EN trianglelut NULL "C:/Users/Microsoft/Documents/ise projekter-filer/oscilloscope/ipcore_dir/TriangleLUT.vhd" sub00/vhpl14 1623922385
EN siggencontrol NULL "C:/Users/Microsoft/Documents/ise projekter-filer/oscilloscope/SigGenControl.vhd" sub00/vhpl04 1623922389
EN siggentop NULL "C:/Users/Microsoft/Documents/ise projekter-filer/oscilloscope/SigGenTop.vhd" sub00/vhpl12 1623922395
AR siggentop behavioral "C:/Users/Microsoft/Documents/ise projekter-filer/oscilloscope/SigGenTop.vhd" sub00/vhpl13 1623922396
AR btndb behavioral "C:/Users/Microsoft/Documents/ise projekter-filer/oscilloscope/BTNdb.vhd" sub00/vhpl03 1623223599
AR sinuslut sinuslut_a "C:/Users/Microsoft/Documents/ise projekter-filer/oscilloscope/ipcore_dir/SinusLUT.vhd" sub00/vhpl10 1623922384
AR siggencontrol behavioral "C:/Users/Microsoft/Documents/ise projekter-filer/oscilloscope/SigGenControl.vhd" sub00/vhpl05 1623922390
EN testlut NULL "C:/Users/Microsoft/Documents/ise projekter-filer/oscilloscope/ipcore_dir/TestLUT.vhd" sub00/vhpl16 1623853993
AR testlut testlut_a "C:/Users/Microsoft/Documents/ise projekter-filer/oscilloscope/ipcore_dir/TestLUT.vhd" sub00/vhpl17 1623853994
EN divclk NULL "C:/Users/Microsoft/Documents/ise projekter-filer/oscilloscope/DivClk.vhd" sub00/vhpl06 1623922387
AR trianglelut trianglelut_a "C:/Users/Microsoft/Documents/ise projekter-filer/oscilloscope/ipcore_dir/TriangleLUT.vhd" sub00/vhpl15 1623922386
EN btndb NULL "C:/Users/Microsoft/Documents/ise projekter-filer/oscilloscope/BTNdb.vhd" sub00/vhpl02 1623223598
EN testlut2 NULL "C:/Users/Microsoft/Documents/ise projekter-filer/oscilloscope/ipcore_dir/TestLUT2.vhd" sub00/vhpl18 1623922118
EN sinuslut NULL "C:/Users/Microsoft/Documents/ise projekter-filer/oscilloscope/ipcore_dir/SinusLUT.vhd" sub00/vhpl09 1623922383
AR divclk divclk_arch "C:/Users/Microsoft/Documents/ise projekter-filer/oscilloscope/DivClk.vhd" sub00/vhpl07 1623922388
